---
source: den-stdlib-assert/src/lib.rs
---
AssertionError
assert
assertAlmostEquals
assertArrayIncludes
assertEquals
assertExists
assertFalse
assertGreater
assertGreaterOrEqual
assertInstanceOf
assertIsError
assertLess
assertLessOrEqual
assertMatch
assertNotEquals
assertNotInstanceOf
assertNotMatch
assertNotStrictEquals
assertObjectMatch
assertRejects
assertSnapshot
assertStrictEquals
assertStringIncludes
assertThrows
equal
fail
unimplemented
unreachable
